Read coolant temp and battery voltage...
Command to send: 0x80 0x10 0xf0 0x08 0xa8 0x00 0x00 0x00 0x08 0x00 0x00 0x1c 0x54 
Writing command...
Waiting for response...
Received response, bytes in waiting: 21
Received bytes:  0x80 0x10 0xf0 0x08 0xa8 0x00 0x00 0x00 0x08 0x00 0x00 0x1c 0x54 0x80 0xf0 0x10 0x03 0xe8 0x3b 0x94 0x3a 

Test reading a MEMORY block...
Command to send: 0x80 0x10 0xf0 0x06 0xa0 0x00 0x20 0x00 0x00 0x7f 0xc5 
Writing command...
Waiting for response...
Received response, bytes in waiting: 38
Received bytes:  0x80 0x10 0xf0 0x06 0xa0 0x00 0x20 0x00 0x00 0x7f 0xc5 0x80 0xf0 0x10 0x81 0xe0 0xff 0xff 0xff 0xff 0xff 0xff 0xff 0xff 0xff 0xff 0xff 0xff 0xff 0xff 0xff 0xff 0xff 0xff 0xff 0xff 0xff 0xff 



# 0x80 : destination : source : data_size : command/response : databytes... : checksum

0x80        0xf0        0x10       0x02         0xe8              0x94         0xfe



pi@raspberrypi:~/src/simplessm $ python3 test.py
Calculating checksum for this data: 0x80 0x10 0xf0 0x05 0xa8 0x00 0x00 0x00 0x1c 
Checksum: 0x49
Command to send: 0x80 0x10 0xf0 0x05 0xa8 0x00 0x00 0x00 0x1c 0x49 
Writing command...
Waiting for response...
Received response, bytes in waiting: 17
Received bytes:  0x80 0x10 0xf0 0x05 0xa8 0x00 0x00 0x00 0x1c 0x49 0x80 0xf0 0x10 0x02 0xe8 0x94 0xfe 
pi@raspberrypi:~/src/simplessm $ python3 test.py
Calculating checksum for this data: 0x80 0x10 0xf0 0x05 0xa8 0x00 0x00 0x00 0x1c 
Checksum: 0x49
Command to send: 0x80 0x10 0xf0 0x05 0xa8 0x00 0x00 0x00 0x1c 0x49 
Writing command...
Waiting for response...
Received response, bytes in waiting: 17
Received bytes:  0x80 0x10 0xf0 0x05 0xa8 0x00 0x00 0x00 0x1c 0x49 0x80 0xf0 0x10 0x02 0xe8 0x94 0xfe 
pi@raspberrypi:~/src/simplessm $ python3 test.py
Calculating checksum for this data: 0x80 0x10 0xf0 0x05 0xa8 0x00 0x00 0x00 0x1c 
Checksum: 0x49
Command to send: 0x80 0x10 0xf0 0x05 0xa8 0x00 0x00 0x00 0x1c 0x49 
Writing command...
Waiting for response...
Waiting...
Waiting...
Waiting...
Waiting...
Waiting...
Waiting...
Waiting...
Waiting...
Waiting...
Waiting...
Waiting...
Error, no response!
pi@raspberrypi:~/src/simplessm $ python3 test.py
Calculating checksum for this data: 0x80 0x10 0xf0 0x05 0xa8 0x00 0x00 0x00 0x1c 
Checksum: 0x49
Command to send: 0x80 0x10 0xf0 0x05 0xa8 0x00 0x00 0x00 0x1c 0x49 
Writing command...
Waiting for response...
Waiting...
Waiting...
Waiting...
Waiting...
Waiting...
Waiting...
Waiting...
Waiting...
Waiting...
Waiting...
Waiting...
Error, no response!
pi@raspberrypi:~/src/simplessm $ python3 test.py
Calculating checksum for this data: 0x80 0x10 0xf0 0x05 0xa8 0x00 0x00 0x00 0x1c 
Checksum: 0x49
Command to send: 0x80 0x10 0xf0 0x05 0xa8 0x00 0x00 0x00 0x1c 0x49 
Writing command...
Waiting for response...
Received response, bytes in waiting: 17
Received bytes:  0x80 0x10 0xf0 0x05 0xa8 0x00 0x00 0x00 0x1c 0x49 0x80 0xf0 0x10 0x02 0xe8 0xb0 0x1a 
pi@raspberrypi:~/src/simplessm $ python3 test.py
Calculating checksum for this data: 0x80 0x10 0xf0 0x05 0xa8 0x00 0x00 0x00 0x1c 
Checksum: 0x49
Command to send: 0x80 0x10 0xf0 0x05 0xa8 0x00 0x00 0x00 0x1c 0x49 
Writing command...
Waiting for response...
Received response, bytes in waiting: 17
Received bytes:  0x80 0x10 0xf0 0x05 0xa8 0x00 0x00 0x00 0x1c 0x49 0x80 0xf0 0x10 0x02 0xe8 0xb0 0x1a 
